[2026-07-11T01:45:52.828Z] GET http://localhost:3000/store → 200 (63ms, 11501B)
[2026-07-11T01:45:52.898Z] GET http://localhost:3000/_next/static/media/22a5144ee8d83bca-s.p.woff2 → 200 (6ms, 29288B)
[2026-07-11T01:45:52.899Z] GET http://localhost:3000/_next/static/media/4b9bb515ce6d026f-s.p.woff2 → 200 (6ms, 64500B)
[2026-07-11T01:45:52.899Z] GET http://localhost:3000/_next/static/media/558ca1a6aa3cb55e-s.p.woff2 → 200 (6ms, 31340B)
[2026-07-11T01:45:52.899Z] GET http://localhost:3000/_next/static/media/5611c55482296524-s.p.woff2 → 200 (6ms, 58152B)
[2026-07-11T01:45:52.899Z] GET http://localhost:3000/_next/static/media/7b0b24f36b1a6d0b-s.p.woff2 → 200 (8ms, 32228B)
[2026-07-11T01:45:52.899Z] GET http://localhost:3000/_next/static/css/app/layout.css?v=1783734352848 → 200 (8ms, 37889B)
[2026-07-11T01:45:52.899Z] GET http://localhost:3000/_next/static/chunks/webpack.js?v=1783734352848 → 200 (12ms, 27869B)
[2026-07-11T01:45:52.899Z] GET http://localhost:3000/_next/static/chunks/main-app.js?v=1783734352848 → 200 (157ms, 1751779B)
[2026-07-11T01:45:52.899Z] GET http://localhost:3000/_next/static/chunks/app-pages-internals.js → 200 (20ms, 61427B)
[2026-07-11T01:45:52.899Z] GET http://localhost:3000/_next/static/chunks/app/layout.js → 200 (48ms, 239000B)
[2026-07-11T01:45:52.899Z] GET http://localhost:3000/_next/static/chunks/app/error.js → 200 (9ms, 14852B)
[2026-07-11T01:45:52.899Z] GET http://localhost:3000/_next/static/chunks/app/not-found.js → 200 (118ms, 1213330B)
[2026-07-11T01:45:52.899Z] GET http://localhost:3000/_next/static/chunks/app/(app)/layout.js → 200 (120ms, 1260340B)
[2026-07-11T01:45:52.899Z] GET http://localhost:3000/_next/static/chunks/app/(app)/error.js → 200 (72ms, 504658B)
[2026-07-11T01:45:52.899Z] GET http://localhost:3000/_next/static/chunks/app/(app)/store/page.js → 200 (55ms, 267944B)
[2026-07-11T01:45:53.230Z] GET https://www.clarity.ms/tag/xki5h68q91?ref=npm → 200 (179ms, 707B)
[2026-07-11T01:45:53.230Z] GET http://localhost:3000/api/x402/catalog → 200 (89ms, 9633B)
[2026-07-11T01:45:53.230Z] GET http://localhost:3000/api/auth/me → 200 (892ms, 23B)
[2026-07-11T01:45:53.242Z] POST http://localhost:3000/__nextjs_original-stack-frames → 200 (47ms, 588B)
[2026-07-11T01:45:53.249Z] GET https://va.vercel-scripts.com/v1/script.debug.js → 200 (197ms, 1706B)
[2026-07-11T01:45:53.249Z] GET https://va.vercel-scripts.com/v1/speed-insights/script.debug.js → 200 (189ms, 5147B)
[2026-07-11T01:45:53.254Z] GET http://localhost:3000/__nextjs_font/geist-latin.woff2 → 200 (14ms, 28369B)
[2026-07-11T01:45:53.410Z] GET https://scripts.clarity.ms/0.8.67/clarity.js → 200 (356ms, 25765B)
[2026-07-11T01:45:53.410Z] GET https://c.clarity.ms/c.gif → 302 (242ms, ?B)
[2026-07-11T01:45:53.652Z] GET https://c.bing.com/c.gif?ctsa=mr&CtsSyncId=BEBB7B4DD46E409A94B17856370F4C1E&RedC=c.clarity.ms&MXFR=0DE4580B0CD065BC3D8A4F9808D06B17 → 302 (264ms, ?B)
[2026-07-11T01:45:53.885Z] POST https://k.clarity.ms/collect → 204 (195ms, ?B)
[2026-07-11T01:45:53.916Z] GET https://c.clarity.ms/c.gif?ctsa=mr&CtsSyncId=BEBB7B4DD46E409A94B17856370F4C1E&MUID=2B9018C10F146C7125CC0F520EE46DEB → 200 (65ms, 719B)
[2026-07-11T01:45:54.048Z] GET http://localhost:3000/store?_rsc=17OCgK6lu7hUUXSi → pending (?ms, ?B)
[2026-07-11T01:45:54.049Z] GET http://localhost:3000/_next/static/webpack/92ae3655ee119293.webpack.hot-update.json → 200 (11ms, 44B)
[2026-07-11T01:45:54.060Z] GET http://localhost:3000/_next/static/webpack/app/layout.92ae3655ee119293.hot-update.js → 200 (67ms, 1055B)
[2026-07-11T01:45:54.060Z] GET http://localhost:3000/_next/static/webpack/webpack.92ae3655ee119293.hot-update.js → 200 (67ms, 773B)
[2026-07-11T01:45:54.188Z] GET http://localhost:3000/_next/static/css/app/layout.css?v=1783734354163 → 200 (?ms, 37889B)
[2026-07-11T01:45:55.053Z] POST https://k.clarity.ms/collect → 204 (61ms, ?B)
[2026-07-11T01:45:57.819Z] POST https://k.clarity.ms/collect → 204 (300ms, ?B)
[2026-07-11T01:46:21.700Z] POST https://k.clarity.ms/collect → 204 (59ms, ?B)
[2026-07-11T01:46:39.542Z] POST https://k.clarity.ms/collect → pending (?ms, ?B)
